// Jest Snapshot v1, https://goo.gl/fbAQLP

exports[`ResetStyles Component snapshot test should match 1`] = `
<head>
  <style
    data-styled="active"
    data-styled-version="5.2.1"
  >
    html,body{color:#707070;font-family:'HelveticaNeue',Helvetica,Arial,sans-serif;background-color:#16161a;}
  </style>
</head>
`;
