// Jest Snapshot v1, https://goo.gl/fbAQLP

exports[`variables file snapshot test should match 1`] = `
Object {
  "baseFontSize": 16,
  "breakpoint": Object {
    "largeScreen": 1919,
    "mediumScreen": 1367,
    "mobileScreen": 750,
    "smallScreen": 1023,
  },
  "color": Object {
    "black": "#000000",
    "blue": "#1890ff",
    "cream": "#FBF7F3",
    "gray": "#AAAAAA",
  },
  "font": Object {
    "normal": "'Montserrat', sans-serif",
  },
  "padding": Object {
    "big": 60,
    "medium": 40,
    "small": 20,
  },
}
`
